{
  "status": "error",
  "message": "cool is not defined"
}