[
  {
    "everything": " message=pants  dog=blue  user-agent=curl/7.30.0  host=localhost:9090  accept=*/* "
  }
]