{
  "status": "error",
  "message": "Incorrect syntax near the keyword 'from'."
}